// Jest Snapshot v1, https://goo.gl/fbAQLP

exports[`Sidebar renders an alert in the case of a failure 1`] = `
<div
  class="alert alert-danger"
>
  Error message
</div>
`;

exports[`Sidebar renders starting collapsed 1`] = `
<aside
  class="widget-sidebar sidebar-left"
  style="background-color: blue;"
  tabindex="1"
/>
`;

exports[`Sidebar renders starting expanded 1`] = `
<aside
  class="widget-sidebar widget-sidebar-expanded sidebar-left"
  style="background-color: blue; width: 400px;"
  tabindex="1"
/>
`;

exports[`Sidebar renders with collapsed width 1`] = `
<aside
  class="widget-sidebar sidebar-left"
  style="background-color: blue; width: 100px;"
  tabindex="1"
/>
`;

exports[`Sidebar renders with slide over mode 1`] = `
<aside
  class="widget-sidebar widget-sidebar-slide-over sidebar-left"
  style="background-color: blue;"
  tabindex="1"
/>
`;
